0 verbose cli C:\Program Files\nodejs\node.exe C:\Users\usuario\AppData\Roaming\npm\node_modules\npm\bin\npm-cli.js
1 info using npm@11.0.0
2 info using node@v22.12.0
3 silly config load:file:C:\Users\usuario\AppData\Roaming\npm\node_modules\npm\npmrc
4 silly config load:file:C:\Users\usuario\Desktop\JheyReyesDEV\RDS\Paginas\rds\.npmrc
5 silly config load:file:C:\Users\usuario\.npmrc
6 silly config load:file:C:\Users\usuario\AppData\Roaming\npm\etc\npmrc
7 verbose title npm install framer-motion
8 verbose argv "install" "framer-motion"
9 verbose logfile logs-max:10 dir:c:\Users\usuario\Desktop\JheyReyesDEV\RDS\Paginas\rds\Usersusuarionpm-cache\_logs\2025-05-27T12_40_02_275Z-
10 verbose logfile c:\Users\usuario\Desktop\JheyReyesDEV\RDS\Paginas\rds\Usersusuarionpm-cache\_logs\2025-05-27T12_40_02_275Z-debug-0.log
11 silly logfile start cleaning logs, removing 1 files
12 silly packumentCache heap:4345298944 maxSize:1086324736 maxEntrySize:543162368
13 silly logfile done cleaning log files
14 silly idealTree buildDeps
15 silly fetch manifest framer-motion@*
16 silly packumentCache full:https://registry.npmjs.org/framer-motion cache-miss
17 http fetch GET 200 https://registry.npmjs.org/framer-motion 1198ms (cache miss)
18 silly packumentCache full:https://registry.npmjs.org/framer-motion set size:undefined disposed:false
19 silly fetch manifest @emotion/is-prop-valid@*
20 silly packumentCache full:https://registry.npmjs.org/@emotion%2fis-prop-valid cache-miss
21 http fetch GET 200 https://registry.npmjs.org/@emotion%2fis-prop-valid 170ms (cache miss)
22 silly packumentCache full:https://registry.npmjs.org/@emotion%2fis-prop-valid set size:undefined disposed:false
23 silly fetch manifest react@^19.1.0
24 silly packumentCache full:https://registry.npmjs.org/react cache-miss
25 http fetch GET 200 https://registry.npmjs.org/react 956ms (cache miss)
26 silly packumentCache full:https://registry.npmjs.org/react set size:undefined disposed:false
27 silly fetch manifest react-dom@^19.1.0
28 silly packumentCache full:https://registry.npmjs.org/react-dom cache-miss
29 http fetch GET 200 https://registry.npmjs.org/react-dom 1144ms (cache miss)
30 silly packumentCache full:https://registry.npmjs.org/react-dom set size:undefined disposed:false
31 silly placeDep ROOT framer-motion@12.15.0 OK for: startup-nextjs-template@2.2.0 want: *
32 silly fetch manifest motion-dom@^12.15.0
33 silly packumentCache full:https://registry.npmjs.org/motion-dom cache-miss
34 silly fetch manifest motion-utils@^12.12.1
35 silly packumentCache full:https://registry.npmjs.org/motion-utils cache-miss
36 http fetch GET 200 https://registry.npmjs.org/motion-dom 87ms (cache miss)
37 silly packumentCache full:https://registry.npmjs.org/motion-dom set size:undefined disposed:false
38 http fetch GET 200 https://registry.npmjs.org/motion-utils 273ms (cache miss)
39 silly packumentCache full:https://registry.npmjs.org/motion-utils set size:undefined disposed:false
40 silly placeDep ROOT motion-dom@12.15.0 OK for: framer-motion@12.15.0 want: ^12.15.0
41 silly placeDep ROOT motion-utils@12.12.1 OK for: framer-motion@12.15.0 want: ^12.12.1
42 silly reify moves {}
43 silly audit bulk request {
43 silly audit   '@alloc/quick-lru': [ '5.2.0' ],
43 silly audit   '@emnapi/core': [ '1.4.0' ],
43 silly audit   '@emnapi/runtime': [ '1.4.0' ],
43 silly audit   '@emnapi/wasi-threads': [ '1.0.1' ],
43 silly audit   '@eslint-community/eslint-utils': [ '4.5.1' ],
43 silly audit   'eslint-visitor-keys': [ '3.4.3', '4.2.0' ],
43 silly audit   '@eslint-community/regexpp': [ '4.12.1' ],
43 silly audit   '@eslint/config-array': [ '0.20.0' ],
43 silly audit   '@eslint/config-helpers': [ '0.2.1' ],
43 silly audit   '@eslint/core': [ '0.12.0', '0.13.0' ],
43 silly audit   '@eslint/eslintrc': [ '3.3.1' ],
43 silly audit   '@eslint/js': [ '9.24.0' ],
43 silly audit   '@eslint/object-schema': [ '2.1.6' ],
43 silly audit   '@eslint/plugin-kit': [ '0.2.8' ],
43 silly audit   '@humanfs/core': [ '0.19.1' ],
43 silly audit   '@humanfs/node': [ '0.16.6' ],
43 silly audit   '@humanwhocodes/retry': [ '0.3.1', '0.4.2' ],
43 silly audit   '@humanwhocodes/module-importer': [ '1.0.1' ],
43 silly audit   '@img/sharp-darwin-arm64': [ '0.34.1' ],
43 silly audit   '@img/sharp-darwin-x64': [ '0.34.1' ],
43 silly audit   '@img/sharp-libvips-darwin-arm64': [ '1.1.0' ],
43 silly audit   '@img/sharp-libvips-darwin-x64': [ '1.1.0' ],
43 silly audit   '@img/sharp-libvips-linux-arm': [ '1.1.0' ],
43 silly audit   '@img/sharp-libvips-linux-arm64': [ '1.1.0' ],
43 silly audit   '@img/sharp-libvips-linux-ppc64': [ '1.1.0' ],
43 silly audit   '@img/sharp-libvips-linux-s390x': [ '1.1.0' ],
43 silly audit   '@img/sharp-libvips-linux-x64': [ '1.1.0' ],
43 silly audit   '@img/sharp-libvips-linuxmusl-arm64': [ '1.1.0' ],
43 silly audit   '@img/sharp-libvips-linuxmusl-x64': [ '1.1.0' ],
43 silly audit   '@img/sharp-linux-arm': [ '0.34.1' ],
43 silly audit   '@img/sharp-linux-arm64': [ '0.34.1' ],
43 silly audit   '@img/sharp-linux-s390x': [ '0.34.1' ],
43 silly audit   '@img/sharp-linux-x64': [ '0.34.1' ],
43 silly audit   '@img/sharp-linuxmusl-arm64': [ '0.34.1' ],
43 silly audit   '@img/sharp-linuxmusl-x64': [ '0.34.1' ],
43 silly audit   '@img/sharp-wasm32': [ '0.34.1' ],
43 silly audit   '@img/sharp-win32-ia32': [ '0.34.1' ],
43 silly audit   '@img/sharp-win32-x64': [ '0.34.1' ],
43 silly audit   '@napi-rs/wasm-runtime': [ '0.2.8' ],
43 silly audit   '@next/env': [ '15.3.0' ],
43 silly audit   '@next/eslint-plugin-next': [ '15.1.6' ],
43 silly audit   '@next/swc-darwin-arm64': [ '15.3.0' ],
43 silly audit   '@next/swc-darwin-x64': [ '15.3.0' ],
43 silly audit   '@next/swc-linux-arm64-gnu': [ '15.3.0' ],
43 silly audit   '@next/swc-linux-arm64-musl': [ '15.3.0' ],
43 silly audit   '@next/swc-linux-x64-gnu': [ '15.3.0' ],
43 silly audit   '@next/swc-linux-x64-musl': [ '15.3.0' ],
43 silly audit   '@next/swc-win32-arm64-msvc': [ '15.3.0' ],
43 silly audit   '@next/swc-win32-x64-msvc': [ '15.3.0' ],
43 silly audit   '@nodelib/fs.scandir': [ '2.1.5' ],
43 silly audit   '@nodelib/fs.stat': [ '2.0.5' ],
43 silly audit   '@nodelib/fs.walk': [ '1.2.8' ],
43 silly audit   '@nolyfill/is-core-module': [ '1.0.39' ],
43 silly audit   '@rtsao/scc': [ '1.1.0' ],
43 silly audit   '@rushstack/eslint-patch': [ '1.11.0' ],
43 silly audit   '@swc/counter': [ '0.1.3' ],
43 silly audit   '@swc/helpers': [ '0.5.15' ],
43 silly audit   '@tailwindcss/node': [ '4.1.3' ],
43 silly audit   '@tailwindcss/oxide': [ '4.1.3' ],
43 silly audit   '@tailwindcss/oxide-android-arm64': [ '4.1.3' ],
43 silly audit   '@tailwindcss/oxide-darwin-arm64': [ '4.1.3' ],
43 silly audit   '@tailwindcss/oxide-darwin-x64': [ '4.1.3' ],
43 silly audit   '@tailwindcss/oxide-freebsd-x64': [ '4.1.3' ],
43 silly audit   '@tailwindcss/oxide-linux-arm-gnueabihf': [ '4.1.3' ],
43 silly audit   '@tailwindcss/oxide-linux-arm64-gnu': [ '4.1.3' ],
43 silly audit   '@tailwindcss/oxide-linux-arm64-musl': [ '4.1.3' ],
43 silly audit   '@tailwindcss/oxide-linux-x64-gnu': [ '4.1.3' ],
43 silly audit   '@tailwindcss/oxide-linux-x64-musl': [ '4.1.3' ],
43 silly audit   '@tailwindcss/oxide-win32-arm64-msvc': [ '4.1.3' ],
43 silly audit   '@tailwindcss/oxide-win32-x64-msvc': [ '4.1.3' ],
43 silly audit   '@tailwindcss/postcss': [ '4.1.3' ],
43 silly audit   '@tybys/wasm-util': [ '0.9.0' ],
43 silly audit   '@types/estree': [ '1.0.7' ],
43 silly audit   '@types/json-schema': [ '7.0.15' ],
43 silly audit   '@types/json5': [ '0.0.29' ],
43 silly audit   '@types/node': [ '20.17.30' ],
43 silly audit   '@types/react': [ '19.1.0' ],
43 silly audit   '@types/react-dom': [ '19.1.0' ],
43 silly audit   '@typescript-eslint/eslint-plugin': [ '8.29.1' ],
43 silly audit   '@typescript-eslint/parser': [ '8.29.1' ],
43 silly audit   '@typescript-eslint/scope-manager': [ '8.29.1' ],
43 silly audit   '@typescript-eslint/type-utils': [ '8.29.1' ],
43 silly audit   '@typescript-eslint/types': [ '8.29.1' ],
43 silly audit   '@typescript-eslint/typescript-estree': [ '8.29.1' ],
43 silly audit   'brace-expansion': [ '2.0.1', '1.1.11' ],
43 silly audit   'fast-glob': [ '3.3.3', '3.3.1' ],
43 silly audit   'glob-parent': [ '5.1.2', '6.0.2' ],
43 silly audit   minimatch: [ '9.0.5', '3.1.2' ],
43 silly audit   '@typescript-eslint/utils': [ '8.29.1' ],
43 silly audit   '@typescript-eslint/visitor-keys': [ '8.29.1' ],
43 silly audit   '@unrs/resolver-binding-darwin-arm64': [ '1.4.1' ],
43 silly audit   '@unrs/resolver-binding-darwin-x64': [ '1.4.1' ],
43 silly audit   '@unrs/resolver-binding-freebsd-x64': [ '1.4.1' ],
43 silly audit   '@unrs/resolver-binding-linux-arm-gnueabihf': [ '1.4.1' ],
43 silly audit   '@unrs/resolver-binding-linux-arm-musleabihf': [ '1.4.1' ],
43 silly audit   '@unrs/resolver-binding-linux-arm64-gnu': [ '1.4.1' ],
43 silly audit   '@unrs/resolver-binding-linux-arm64-musl': [ '1.4.1' ],
43 silly audit   '@unrs/resolver-binding-linux-ppc64-gnu': [ '1.4.1' ],
43 silly audit   '@unrs/resolver-binding-linux-s390x-gnu': [ '1.4.1' ],
43 silly audit   '@unrs/resolver-binding-linux-x64-gnu': [ '1.4.1' ],
43 silly audit   '@unrs/resolver-binding-linux-x64-musl': [ '1.4.1' ],
43 silly audit   '@unrs/resolver-binding-wasm32-wasi': [ '1.4.1' ],
43 silly audit   '@unrs/resolver-binding-win32-arm64-msvc': [ '1.4.1' ],
43 silly audit   '@unrs/resolver-binding-win32-ia32-msvc': [ '1.4.1' ],
43 silly audit   '@unrs/resolver-binding-win32-x64-msvc': [ '1.4.1' ],
43 silly audit   acorn: [ '8.14.1' ],
43 silly audit   'acorn-jsx': [ '5.3.2' ],
43 silly audit   ajv: [ '6.12.6' ],
43 silly audit   'ansi-styles': [ '4.3.0' ],
43 silly audit   argparse: [ '2.0.1' ],
43 silly audit   'aria-query': [ '5.3.2' ],
43 silly audit   'array-buffer-byte-length': [ '1.0.2' ],
43 silly audit   'array-includes': [ '3.1.8' ],
43 silly audit   'array.prototype.findlast': [ '1.2.5' ],
43 silly audit   'array.prototype.findlastindex': [ '1.2.6' ],
43 silly audit   'array.prototype.flat': [ '1.3.3' ],
43 silly audit   'array.prototype.flatmap': [ '1.3.3' ],
43 silly audit   'array.prototype.tosorted': [ '1.1.4' ],
43 silly audit   'arraybuffer.prototype.slice': [ '1.0.4' ],
43 silly audit   'ast-types-flow': [ '0.0.8' ],
43 silly audit   'async-function': [ '1.0.0' ],
43 silly audit   autoprefixer: [ '10.4.21' ],
43 silly audit   'available-typed-arrays': [ '1.0.7' ],
43 silly audit   'axe-core': [ '4.10.3' ],
43 silly audit   'axobject-query': [ '4.1.0' ],
43 silly audit   'balanced-match': [ '1.0.2' ],
43 silly audit   braces: [ '3.0.3' ],
43 silly audit   browserslist: [ '4.24.4' ],
43 silly audit   busboy: [ '1.6.0' ],
43 silly audit   'call-bind': [ '1.0.8' ],
43 silly audit   'call-bind-apply-helpers': [ '1.0.2' ],
43 silly audit   'call-bound': [ '1.0.4' ],
43 silly audit   callsites: [ '3.1.0' ],
43 silly audit   'caniuse-lite': [ '1.0.30001712' ],
43 silly audit   chalk: [ '4.1.2' ],
43 silly audit   'client-only': [ '0.0.1' ],
43 silly audit   color: [ '4.2.3' ],
43 silly audit   'color-convert': [ '2.0.1' ],
43 silly audit   'color-name': [ '1.1.4' ],
43 silly audit   'color-string': [ '1.9.1' ],
43 silly audit   'concat-map': [ '0.0.1' ],
43 silly audit   'cross-spawn': [ '7.0.6' ],
43 silly audit   csstype: [ '3.1.3' ],
43 silly audit   'damerau-levenshtein': [ '1.0.8' ],
43 silly audit   'data-view-buffer': [ '1.0.2' ],
43 silly audit   'data-view-byte-length': [ '1.0.2' ],
43 silly audit   'data-view-byte-offset': [ '1.0.1' ],
43 silly audit   debug: [ '4.4.0', '3.2.7' ],
43 silly audit   'deep-is': [ '0.1.4' ],
43 silly audit   'define-data-property': [ '1.1.4' ],
43 silly audit   'define-properties': [ '1.2.1' ],
43 silly audit   'detect-libc': [ '2.0.3' ],
43 silly audit   doctrine: [ '2.1.0' ],
43 silly audit   'dunder-proto': [ '1.0.1' ],
43 silly audit   'electron-to-chromium': [ '1.5.135' ],
43 silly audit   'emoji-regex': [ '9.2.2' ],
43 silly audit   'enhanced-resolve': [ '5.18.1' ],
43 silly audit   'es-abstract': [ '1.23.9' ],
43 silly audit   'es-define-property': [ '1.0.1' ],
43 silly audit   'es-errors': [ '1.3.0' ],
43 silly audit   'es-iterator-helpers': [ '1.2.1' ],
43 silly audit   'es-object-atoms': [ '1.1.1' ],
43 silly audit   'es-set-tostringtag': [ '2.1.0' ],
43 silly audit   'es-shim-unscopables': [ '1.1.0' ],
43 silly audit   'es-to-primitive': [ '1.3.0' ],
43 silly audit   escalade: [ '3.2.0' ],
43 silly audit   'escape-string-regexp': [ '4.0.0' ],
43 silly audit   eslint: [ '9.24.0' ],
43 silly audit   'eslint-config-next': [ '15.1.6' ],
43 silly audit   'eslint-import-resolver-node': [ '0.3.9' ],
43 silly audit   'eslint-import-resolver-typescript': [ '3.10.0' ],
43 silly audit   'eslint-module-utils': [ '2.12.0' ],
43 silly audit   'eslint-plugin-import': [ '2.31.0' ],
43 silly audit   semver: [ '6.3.1', '7.7.1' ],
43 silly audit   'eslint-plugin-jsx-a11y': [ '6.10.2' ],
43 silly audit   'eslint-plugin-react': [ '7.37.5' ],
43 silly audit   'eslint-plugin-react-hooks': [ '5.2.0' ],
43 silly audit   resolve: [ '2.0.0-next.5', '1.22.10' ],
43 silly audit   'eslint-scope': [ '8.3.0' ],
43 silly audit   espree: [ '10.3.0' ],
43 silly audit   esquery: [ '1.6.0' ],
43 silly audit   esrecurse: [ '4.3.0' ],
43 silly audit   estraverse: [ '5.3.0' ],
43 silly audit   esutils: [ '2.0.3' ],
43 silly audit   'fast-deep-equal': [ '3.1.3' ],
43 silly audit   'fast-json-stable-stringify': [ '2.1.0' ],
43 silly audit   'fast-levenshtein': [ '2.0.6' ],
43 silly audit   fastq: [ '1.19.1' ],
43 silly audit   'file-entry-cache': [ '8.0.0' ],
43 silly audit   'fill-range': [ '7.1.1' ],
43 silly audit   'find-up': [ '5.0.0' ],
43 silly audit   'flat-cache': [ '4.0.1' ],
43 silly audit   flatted: [ '3.3.3' ],
43 silly audit   'for-each': [ '0.3.5' ],
43 silly audit   'fraction.js': [ '4.3.7' ],
43 silly audit   'function-bind': [ '1.1.2' ],
43 silly audit   'function.prototype.name': [ '1.1.8' ],
43 silly audit   'functions-have-names': [ '1.2.3' ],
43 silly audit   'get-intrinsic': [ '1.3.0' ],
43 silly audit   'get-proto': [ '1.0.1' ],
43 silly audit   'get-symbol-description': [ '1.1.0' ],
43 silly audit   'get-tsconfig': [ '4.10.0' ],
43 silly audit   globals: [ '14.0.0' ],
43 silly audit   globalthis: [ '1.0.4' ],
43 silly audit   gopd: [ '1.2.0' ],
43 silly audit   'graceful-fs': [ '4.2.11' ],
43 silly audit   graphemer: [ '1.4.0' ],
43 silly audit   'has-bigints': [ '1.1.0' ],
43 silly audit   'has-flag': [ '4.0.0' ],
43 silly audit   'has-property-descriptors': [ '1.0.2' ],
43 silly audit   'has-proto': [ '1.2.0' ],
43 silly audit   'has-symbols': [ '1.1.0' ],
43 silly audit   'has-tostringtag': [ '1.0.2' ],
43 silly audit   hasown: [ '2.0.2' ],
43 silly audit   ignore: [ '5.3.2' ],
43 silly audit   'import-fresh': [ '3.3.1' ],
43 silly audit   imurmurhash: [ '0.1.4' ],
43 silly audit   'internal-slot': [ '1.1.0' ],
43 silly audit   'is-array-buffer': [ '3.0.5' ],
43 silly audit   'is-arrayish': [ '0.3.2' ],
43 silly audit   'is-async-function': [ '2.1.1' ],
43 silly audit   'is-bigint': [ '1.1.0' ],
43 silly audit   'is-boolean-object': [ '1.2.2' ],
43 silly audit   'is-bun-module': [ '2.0.0' ],
43 silly audit   'is-callable': [ '1.2.7' ],
43 silly audit   'is-core-module': [ '2.16.1' ],
43 silly audit   'is-data-view': [ '1.0.2' ],
43 silly audit   'is-date-object': [ '1.1.0' ],
43 silly audit   'is-extglob': [ '2.1.1' ],
43 silly audit   'is-finalizationregistry': [ '1.1.1' ],
43 silly audit   'is-generator-function': [ '1.1.0' ],
43 silly audit   'is-glob': [ '4.0.3' ],
43 silly audit   'is-map': [ '2.0.3' ],
43 silly audit   'is-number': [ '7.0.0' ],
43 silly audit   'is-number-object': [ '1.1.1' ],
43 silly audit   'is-regex': [ '1.2.1' ],
43 silly audit   'is-set': [ '2.0.3' ],
43 silly audit   'is-shared-array-buffer': [ '1.0.4' ],
43 silly audit   'is-string': [ '1.1.1' ],
43 silly audit   'is-symbol': [ '1.1.1' ],
43 silly audit   'is-typed-array': [ '1.1.15' ],
43 silly audit   'is-weakmap': [ '2.0.2' ],
43 silly audit   'is-weakref': [ '1.1.1' ],
43 silly audit   'is-weakset': [ '2.0.4' ],
43 silly audit   isarray: [ '2.0.5' ],
43 silly audit   isexe: [ '2.0.0' ],
43 silly audit   'iterator.prototype': [ '1.1.5' ],
43 silly audit   jiti: [ '2.4.2' ],
43 silly audit   'js-tokens': [ '4.0.0' ],
43 silly audit   'js-yaml': [ '4.1.0' ],
43 silly audit   'json-buffer': [ '3.0.1' ],
43 silly audit   'json-schema-traverse': [ '0.4.1' ],
43 silly audit   'json-stable-stringify-without-jsonify': [ '1.0.1' ],
43 silly audit   json5: [ '1.0.2' ],
43 silly audit   'jsx-ast-utils': [ '3.3.5' ],
43 silly audit   keyv: [ '4.5.4' ],
43 silly audit   'language-subtag-registry': [ '0.3.23' ],
43 silly audit   'language-tags': [ '1.0.9' ],
43 silly audit   levn: [ '0.4.1' ],
43 silly audit   lightningcss: [ '1.29.2' ],
43 silly audit   'lightningcss-darwin-arm64': [ '1.29.2' ],
43 silly audit   'lightningcss-darwin-x64': [ '1.29.2' ],
43 silly audit   'lightningcss-freebsd-x64': [ '1.29.2' ],
43 silly audit   'lightningcss-linux-arm-gnueabihf': [ '1.29.2' ],
43 silly audit   'lightningcss-linux-arm64-gnu': [ '1.29.2' ],
43 silly audit   'lightningcss-linux-arm64-musl': [ '1.29.2' ],
43 silly audit   'lightningcss-linux-x64-gnu': [ '1.29.2' ],
43 silly audit   'lightningcss-linux-x64-musl': [ '1.29.2' ],
43 silly audit   'lightningcss-win32-arm64-msvc': [ '1.29.2' ],
43 silly audit   'lightningcss-win32-x64-msvc': [ '1.29.2' ],
43 silly audit   'locate-path': [ '6.0.0' ],
43 silly audit   'lodash.merge': [ '4.6.2' ],
43 silly audit   'loose-envify': [ '1.4.0' ],
43 silly audit   'math-intrinsics': [ '1.1.0' ],
43 silly audit   merge2: [ '1.4.1' ],
43 silly audit   micromatch: [ '4.0.8' ],
43 silly audit   minimist: [ '1.2.8' ],
43 silly audit   ms: [ '2.1.3' ],
43 silly audit   nanoid: [ '3.3.11' ],
43 silly audit   'natural-compare': [ '1.4.0' ],
43 silly audit   next: [ '15.3.0' ],
43 silly audit   'next-themes': [ '0.2.1' ],
43 silly audit   postcss: [ '8.4.31', '8.5.3' ],
43 silly audit   'node-releases': [ '2.0.19' ],
43 silly audit   'normalize-range': [ '0.1.2' ],
43 silly audit   'object-assign': [ '4.1.1' ],
43 silly audit   'object-inspect': [ '1.13.4' ],
43 silly audit   'object-keys': [ '1.1.1' ],
43 silly audit   'object.assign': [ '4.1.7' ],
43 silly audit   'object.entries': [ '1.1.9' ],
43 silly audit   'object.fromentries': [ '2.0.8' ],
43 silly audit   'object.groupby': [ '1.0.3' ],
43 silly audit   'object.values': [ '1.2.1' ],
43 silly audit   optionator: [ '0.9.4' ],
43 silly audit   'own-keys': [ '1.0.1' ],
43 silly audit   'p-limit': [ '3.1.0' ],
43 silly audit   'p-locate': [ '5.0.0' ],
43 silly audit   'parent-module': [ '1.0.1' ],
43 silly audit   'path-exists': [ '4.0.0' ],
43 silly audit   'path-key': [ '3.1.1' ],
43 silly audit   'path-parse': [ '1.0.7' ],
43 silly audit   picocolors: [ '1.1.1' ],
43 silly audit   picomatch: [ '2.3.1', '4.0.2' ],
43 silly audit   'possible-typed-array-names': [ '1.1.0' ],
43 silly audit   'postcss-value-parser': [ '4.2.0' ],
43 silly audit   'prelude-ls': [ '1.2.1' ],
43 silly audit   prettier: [ '3.5.3' ],
43 silly audit   'prettier-plugin-tailwindcss': [ '0.6.11' ],
43 silly audit   'prop-types': [ '15.8.1' ],
43 silly audit   punycode: [ '2.3.1' ],
43 silly audit   'queue-microtask': [ '1.2.3' ],
43 silly audit   react: [ '19.1.0' ],
43 silly audit   'react-dom': [ '19.1.0' ],
43 silly audit   'react-is': [ '16.13.1' ],
43 silly audit   'reflect.getprototypeof': [ '1.0.10' ],
43 silly audit   'regexp.prototype.flags': [ '1.5.4' ],
43 silly audit   'resolve-from': [ '4.0.0' ],
43 silly audit   'resolve-pkg-maps': [ '1.0.0' ],
43 silly audit   reusify: [ '1.1.0' ],
43 silly audit   'run-parallel': [ '1.2.0' ],
43 silly audit   'safe-array-concat': [ '1.1.3' ],
43 silly audit   'safe-push-apply': [ '1.0.0' ],
43 silly audit   'safe-regex-test': [ '1.1.0' ],
43 silly audit   scheduler: [ '0.26.0' ],
43 silly audit   'set-function-length': [ '1.2.2' ],
43 silly audit   'set-function-name': [ '2.0.2' ],
43 silly audit   'set-proto': [ '1.0.0' ],
43 silly audit   sharp: [ '0.34.1' ],
43 silly audit   'shebang-command': [ '2.0.0' ],
43 silly audit   'shebang-regex': [ '3.0.0' ],
43 silly audit   'side-channel': [ '1.1.0' ],
43 silly audit   'side-channel-list': [ '1.0.0' ],
43 silly audit   'side-channel-map': [ '1.0.1' ],
43 silly audit   'side-channel-weakmap': [ '1.0.2' ],
43 silly audit   'simple-swizzle': [ '0.2.2' ],
43 silly audit   'source-map-js': [ '1.2.1' ],
43 silly audit   'stable-hash': [ '0.0.5' ],
43 silly audit   streamsearch: [ '1.1.0' ],
43 silly audit   'string.prototype.includes': [ '2.0.1' ],
43 silly audit   'string.prototype.matchall': [ '4.0.12' ],
43 silly audit   'string.prototype.repeat': [ '1.0.0' ],
43 silly audit   'string.prototype.trim': [ '1.2.10' ],
43 silly audit   'string.prototype.trimend': [ '1.0.9' ],
43 silly audit   'string.prototype.trimstart': [ '1.0.8' ],
43 silly audit   'strip-bom': [ '3.0.0' ],
43 silly audit   'strip-json-comments': [ '3.1.1' ],
43 silly audit   'styled-jsx': [ '5.1.6' ],
43 silly audit   'supports-color': [ '7.2.0' ],
43 silly audit   'supports-preserve-symlinks-flag': [ '1.0.0' ],
43 silly audit   tailwindcss: [ '4.1.3' ],
43 silly audit   tapable: [ '2.2.1' ],
43 silly audit   tinyglobby: [ '0.2.12' ],
43 silly audit   fdir: [ '6.4.3' ],
43 silly audit   'to-regex-range': [ '5.0.1' ],
43 silly audit   'ts-api-utils': [ '2.1.0' ],
43 silly audit   'tsconfig-paths': [ '3.15.0' ],
43 silly audit   tslib: [ '2.8.1' ],
43 silly audit   'type-check': [ '0.4.0' ],
43 silly audit   'typed-array-buffer': [ '1.0.3' ],
43 silly audit   'typed-array-byte-length': [ '1.0.3' ],
43 silly audit   'typed-array-byte-offset': [ '1.0.4' ],
43 silly audit   'typed-array-length': [ '1.0.7' ],
43 silly audit   typescript: [ '5.8.3' ],
43 silly audit   'unbox-primitive': [ '1.1.0' ],
43 silly audit   'undici-types': [ '6.19.8' ],
43 silly audit   'unrs-resolver': [ '1.4.1' ],
43 silly audit   'update-browserslist-db': [ '1.1.3' ],
43 silly audit   'uri-js': [ '4.4.1' ],
43 silly audit   which: [ '2.0.2' ],
43 silly audit   'which-boxed-primitive': [ '1.1.1' ],
43 silly audit   'which-builtin-type': [ '1.2.1' ],
43 silly audit   'which-collection': [ '1.0.2' ],
43 silly audit   'which-typed-array': [ '1.1.19' ],
43 silly audit   'word-wrap': [ '1.2.5' ],
43 silly audit   'yocto-queue': [ '0.1.0' ],
43 silly audit   'framer-motion': [ '12.15.0' ],
43 silly audit   'motion-dom': [ '12.15.0' ],
43 silly audit   'motion-utils': [ '12.12.1' ]
43 silly audit }
44 verbose reify failed optional dependency C:\Users\usuario\Desktop\JheyReyesDEV\RDS\Paginas\rds\node_modules\lightningcss-win32-arm64-msvc
45 silly reify mark deleted [
45 silly reify   'C:\\Users\\usuario\\Desktop\\JheyReyesDEV\\RDS\\Paginas\\rds\\node_modules\\lightningcss-win32-arm64-msvc'
45 silly reify ]
46 verbose reify failed optional dependency C:\Users\usuario\Desktop\JheyReyesDEV\RDS\Paginas\rds\node_modules\lightningcss-linux-x64-musl
47 silly reify mark deleted [
47 silly reify   'C:\\Users\\usuario\\Desktop\\JheyReyesDEV\\RDS\\Paginas\\rds\\node_modules\\lightningcss-linux-x64-musl'
47 silly reify ]
48 verbose reify failed optional dependency C:\Users\usuario\Desktop\JheyReyesDEV\RDS\Paginas\rds\node_modules\lightningcss-linux-x64-gnu
49 silly reify mark deleted [
49 silly reify   'C:\\Users\\usuario\\Desktop\\JheyReyesDEV\\RDS\\Paginas\\rds\\node_modules\\lightningcss-linux-x64-gnu'
49 silly reify ]
50 verbose reify failed optional dependency C:\Users\usuario\Desktop\JheyReyesDEV\RDS\Paginas\rds\node_modules\lightningcss-linux-arm64-musl
51 silly reify mark deleted [
51 silly reify   'C:\\Users\\usuario\\Desktop\\JheyReyesDEV\\RDS\\Paginas\\rds\\node_modules\\lightningcss-linux-arm64-musl'
51 silly reify ]
52 verbose reify failed optional dependency C:\Users\usuario\Desktop\JheyReyesDEV\RDS\Paginas\rds\node_modules\lightningcss-linux-arm64-gnu
53 silly reify mark deleted [
53 silly reify   'C:\\Users\\usuario\\Desktop\\JheyReyesDEV\\RDS\\Paginas\\rds\\node_modules\\lightningcss-linux-arm64-gnu'
53 silly reify ]
54 verbose reify failed optional dependency C:\Users\usuario\Desktop\JheyReyesDEV\RDS\Paginas\rds\node_modules\lightningcss-linux-arm-gnueabihf
55 silly reify mark deleted [
55 silly reify   'C:\\Users\\usuario\\Desktop\\JheyReyesDEV\\RDS\\Paginas\\rds\\node_modules\\lightningcss-linux-arm-gnueabihf'
55 silly reify ]
56 verbose reify failed optional dependency C:\Users\usuario\Desktop\JheyReyesDEV\RDS\Paginas\rds\node_modules\lightningcss-freebsd-x64
57 silly reify mark deleted [
57 silly reify   'C:\\Users\\usuario\\Desktop\\JheyReyesDEV\\RDS\\Paginas\\rds\\node_modules\\lightningcss-freebsd-x64'
57 silly reify ]
58 verbose reify failed optional dependency C:\Users\usuario\Desktop\JheyReyesDEV\RDS\Paginas\rds\node_modules\lightningcss-darwin-x64
59 silly reify mark deleted [
59 silly reify   'C:\\Users\\usuario\\Desktop\\JheyReyesDEV\\RDS\\Paginas\\rds\\node_modules\\lightningcss-darwin-x64'
59 silly reify ]
60 verbose reify failed optional dependency C:\Users\usuario\Desktop\JheyReyesDEV\RDS\Paginas\rds\node_modules\lightningcss-darwin-arm64
61 silly reify mark deleted [
61 silly reify   'C:\\Users\\usuario\\Desktop\\JheyReyesDEV\\RDS\\Paginas\\rds\\node_modules\\lightningcss-darwin-arm64'
61 silly reify ]
62 verbose reify failed optional dependency C:\Users\usuario\Desktop\JheyReyesDEV\RDS\Paginas\rds\node_modules\@unrs\resolver-binding-win32-ia32-msvc
63 silly reify mark deleted [
63 silly reify   'C:\\Users\\usuario\\Desktop\\JheyReyesDEV\\RDS\\Paginas\\rds\\node_modules\\@unrs\\resolver-binding-win32-ia32-msvc'
63 silly reify ]
64 verbose reify failed optional dependency C:\Users\usuario\Desktop\JheyReyesDEV\RDS\Paginas\rds\node_modules\@unrs\resolver-binding-win32-arm64-msvc
65 silly reify mark deleted [
65 silly reify   'C:\\Users\\usuario\\Desktop\\JheyReyesDEV\\RDS\\Paginas\\rds\\node_modules\\@unrs\\resolver-binding-win32-arm64-msvc'
65 silly reify ]
66 verbose reify failed optional dependency C:\Users\usuario\Desktop\JheyReyesDEV\RDS\Paginas\rds\node_modules\@unrs\resolver-binding-wasm32-wasi
67 silly reify mark deleted [
67 silly reify   'C:\\Users\\usuario\\Desktop\\JheyReyesDEV\\RDS\\Paginas\\rds\\node_modules\\@unrs\\resolver-binding-wasm32-wasi'
67 silly reify ]
68 verbose reify failed optional dependency C:\Users\usuario\Desktop\JheyReyesDEV\RDS\Paginas\rds\node_modules\@napi-rs\wasm-runtime
69 silly reify mark deleted [
69 silly reify   'C:\\Users\\usuario\\Desktop\\JheyReyesDEV\\RDS\\Paginas\\rds\\node_modules\\@napi-rs\\wasm-runtime'
69 silly reify ]
70 verbose reify failed optional dependency C:\Users\usuario\Desktop\JheyReyesDEV\RDS\Paginas\rds\node_modules\@emnapi\core
71 silly reify mark deleted [
71 silly reify   'C:\\Users\\usuario\\Desktop\\JheyReyesDEV\\RDS\\Paginas\\rds\\node_modules\\@emnapi\\core'
71 silly reify ]
72 verbose reify failed optional dependency C:\Users\usuario\Desktop\JheyReyesDEV\RDS\Paginas\rds\node_modules\@tybys\wasm-util
73 silly reify mark deleted [
73 silly reify   'C:\\Users\\usuario\\Desktop\\JheyReyesDEV\\RDS\\Paginas\\rds\\node_modules\\@tybys\\wasm-util'
73 silly reify ]
74 verbose reify failed optional dependency C:\Users\usuario\Desktop\JheyReyesDEV\RDS\Paginas\rds\node_modules\@emnapi\wasi-threads
75 silly reify mark deleted [
75 silly reify   'C:\\Users\\usuario\\Desktop\\JheyReyesDEV\\RDS\\Paginas\\rds\\node_modules\\@emnapi\\wasi-threads'
75 silly reify ]
76 verbose reify failed optional dependency C:\Users\usuario\Desktop\JheyReyesDEV\RDS\Paginas\rds\node_modules\@unrs\resolver-binding-linux-x64-musl
77 silly reify mark deleted [
77 silly reify   'C:\\Users\\usuario\\Desktop\\JheyReyesDEV\\RDS\\Paginas\\rds\\node_modules\\@unrs\\resolver-binding-linux-x64-musl'
77 silly reify ]
78 verbose reify failed optional dependency C:\Users\usuario\Desktop\JheyReyesDEV\RDS\Paginas\rds\node_modules\@unrs\resolver-binding-linux-x64-gnu
79 silly reify mark deleted [
79 silly reify   'C:\\Users\\usuario\\Desktop\\JheyReyesDEV\\RDS\\Paginas\\rds\\node_modules\\@unrs\\resolver-binding-linux-x64-gnu'
79 silly reify ]
80 verbose reify failed optional dependency C:\Users\usuario\Desktop\JheyReyesDEV\RDS\Paginas\rds\node_modules\@unrs\resolver-binding-linux-s390x-gnu
81 silly reify mark deleted [
81 silly reify   'C:\\Users\\usuario\\Desktop\\JheyReyesDEV\\RDS\\Paginas\\rds\\node_modules\\@unrs\\resolver-binding-linux-s390x-gnu'
81 silly reify ]
82 verbose reify failed optional dependency C:\Users\usuario\Desktop\JheyReyesDEV\RDS\Paginas\rds\node_modules\@unrs\resolver-binding-linux-ppc64-gnu
83 silly reify mark deleted [
83 silly reify   'C:\\Users\\usuario\\Desktop\\JheyReyesDEV\\RDS\\Paginas\\rds\\node_modules\\@unrs\\resolver-binding-linux-ppc64-gnu'
83 silly reify ]
84 verbose reify failed optional dependency C:\Users\usuario\Desktop\JheyReyesDEV\RDS\Paginas\rds\node_modules\@unrs\resolver-binding-linux-arm64-musl
85 silly reify mark deleted [
85 silly reify   'C:\\Users\\usuario\\Desktop\\JheyReyesDEV\\RDS\\Paginas\\rds\\node_modules\\@unrs\\resolver-binding-linux-arm64-musl'
85 silly reify ]
86 verbose reify failed optional dependency C:\Users\usuario\Desktop\JheyReyesDEV\RDS\Paginas\rds\node_modules\@unrs\resolver-binding-linux-arm64-gnu
87 silly reify mark deleted [
87 silly reify   'C:\\Users\\usuario\\Desktop\\JheyReyesDEV\\RDS\\Paginas\\rds\\node_modules\\@unrs\\resolver-binding-linux-arm64-gnu'
87 silly reify ]
88 verbose reify failed optional dependency C:\Users\usuario\Desktop\JheyReyesDEV\RDS\Paginas\rds\node_modules\@unrs\resolver-binding-linux-arm-musleabihf
89 silly reify mark deleted [
89 silly reify   'C:\\Users\\usuario\\Desktop\\JheyReyesDEV\\RDS\\Paginas\\rds\\node_modules\\@unrs\\resolver-binding-linux-arm-musleabihf'
89 silly reify ]
90 verbose reify failed optional dependency C:\Users\usuario\Desktop\JheyReyesDEV\RDS\Paginas\rds\node_modules\@unrs\resolver-binding-linux-arm-gnueabihf
91 silly reify mark deleted [
91 silly reify   'C:\\Users\\usuario\\Desktop\\JheyReyesDEV\\RDS\\Paginas\\rds\\node_modules\\@unrs\\resolver-binding-linux-arm-gnueabihf'
91 silly reify ]
92 verbose reify failed optional dependency C:\Users\usuario\Desktop\JheyReyesDEV\RDS\Paginas\rds\node_modules\@unrs\resolver-binding-freebsd-x64
93 silly reify mark deleted [
93 silly reify   'C:\\Users\\usuario\\Desktop\\JheyReyesDEV\\RDS\\Paginas\\rds\\node_modules\\@unrs\\resolver-binding-freebsd-x64'
93 silly reify ]
94 verbose reify failed optional dependency C:\Users\usuario\Desktop\JheyReyesDEV\RDS\Paginas\rds\node_modules\@unrs\resolver-binding-darwin-x64
95 silly reify mark deleted [
95 silly reify   'C:\\Users\\usuario\\Desktop\\JheyReyesDEV\\RDS\\Paginas\\rds\\node_modules\\@unrs\\resolver-binding-darwin-x64'
95 silly reify ]
96 verbose reify failed optional dependency C:\Users\usuario\Desktop\JheyReyesDEV\RDS\Paginas\rds\node_modules\@unrs\resolver-binding-darwin-arm64
97 silly reify mark deleted [
97 silly reify   'C:\\Users\\usuario\\Desktop\\JheyReyesDEV\\RDS\\Paginas\\rds\\node_modules\\@unrs\\resolver-binding-darwin-arm64'
97 silly reify ]
98 verbose reify failed optional dependency C:\Users\usuario\Desktop\JheyReyesDEV\RDS\Paginas\rds\node_modules\@tailwindcss\oxide-win32-arm64-msvc
99 silly reify mark deleted [
99 silly reify   'C:\\Users\\usuario\\Desktop\\JheyReyesDEV\\RDS\\Paginas\\rds\\node_modules\\@tailwindcss\\oxide-win32-arm64-msvc'
99 silly reify ]
100 verbose reify failed optional dependency C:\Users\usuario\Desktop\JheyReyesDEV\RDS\Paginas\rds\node_modules\@tailwindcss\oxide-linux-x64-musl
101 silly reify mark deleted [
101 silly reify   'C:\\Users\\usuario\\Desktop\\JheyReyesDEV\\RDS\\Paginas\\rds\\node_modules\\@tailwindcss\\oxide-linux-x64-musl'
101 silly reify ]
102 verbose reify failed optional dependency C:\Users\usuario\Desktop\JheyReyesDEV\RDS\Paginas\rds\node_modules\@tailwindcss\oxide-linux-x64-gnu
103 silly reify mark deleted [
103 silly reify   'C:\\Users\\usuario\\Desktop\\JheyReyesDEV\\RDS\\Paginas\\rds\\node_modules\\@tailwindcss\\oxide-linux-x64-gnu'
103 silly reify ]
104 verbose reify failed optional dependency C:\Users\usuario\Desktop\JheyReyesDEV\RDS\Paginas\rds\node_modules\@tailwindcss\oxide-linux-arm64-musl
105 silly reify mark deleted [
105 silly reify   'C:\\Users\\usuario\\Desktop\\JheyReyesDEV\\RDS\\Paginas\\rds\\node_modules\\@tailwindcss\\oxide-linux-arm64-musl'
105 silly reify ]
106 verbose reify failed optional dependency C:\Users\usuario\Desktop\JheyReyesDEV\RDS\Paginas\rds\node_modules\@tailwindcss\oxide-linux-arm64-gnu
107 silly reify mark deleted [
107 silly reify   'C:\\Users\\usuario\\Desktop\\JheyReyesDEV\\RDS\\Paginas\\rds\\node_modules\\@tailwindcss\\oxide-linux-arm64-gnu'
107 silly reify ]
108 verbose reify failed optional dependency C:\Users\usuario\Desktop\JheyReyesDEV\RDS\Paginas\rds\node_modules\@tailwindcss\oxide-linux-arm-gnueabihf
109 silly reify mark deleted [
109 silly reify   'C:\\Users\\usuario\\Desktop\\JheyReyesDEV\\RDS\\Paginas\\rds\\node_modules\\@tailwindcss\\oxide-linux-arm-gnueabihf'
109 silly reify ]
110 verbose reify failed optional dependency C:\Users\usuario\Desktop\JheyReyesDEV\RDS\Paginas\rds\node_modules\@tailwindcss\oxide-freebsd-x64
111 silly reify mark deleted [
111 silly reify   'C:\\Users\\usuario\\Desktop\\JheyReyesDEV\\RDS\\Paginas\\rds\\node_modules\\@tailwindcss\\oxide-freebsd-x64'
111 silly reify ]
112 verbose reify failed optional dependency C:\Users\usuario\Desktop\JheyReyesDEV\RDS\Paginas\rds\node_modules\@tailwindcss\oxide-darwin-x64
113 silly reify mark deleted [
113 silly reify   'C:\\Users\\usuario\\Desktop\\JheyReyesDEV\\RDS\\Paginas\\rds\\node_modules\\@tailwindcss\\oxide-darwin-x64'
113 silly reify ]
114 verbose reify failed optional dependency C:\Users\usuario\Desktop\JheyReyesDEV\RDS\Paginas\rds\node_modules\@tailwindcss\oxide-darwin-arm64
115 silly reify mark deleted [
115 silly reify   'C:\\Users\\usuario\\Desktop\\JheyReyesDEV\\RDS\\Paginas\\rds\\node_modules\\@tailwindcss\\oxide-darwin-arm64'
115 silly reify ]
116 verbose reify failed optional dependency C:\Users\usuario\Desktop\JheyReyesDEV\RDS\Paginas\rds\node_modules\@tailwindcss\oxide-android-arm64
117 silly reify mark deleted [
117 silly reify   'C:\\Users\\usuario\\Desktop\\JheyReyesDEV\\RDS\\Paginas\\rds\\node_modules\\@tailwindcss\\oxide-android-arm64'
117 silly reify ]
118 verbose reify failed optional dependency C:\Users\usuario\Desktop\JheyReyesDEV\RDS\Paginas\rds\node_modules\@next\swc-win32-arm64-msvc
119 silly reify mark deleted [
119 silly reify   'C:\\Users\\usuario\\Desktop\\JheyReyesDEV\\RDS\\Paginas\\rds\\node_modules\\@next\\swc-win32-arm64-msvc'
119 silly reify ]
120 verbose reify failed optional dependency C:\Users\usuario\Desktop\JheyReyesDEV\RDS\Paginas\rds\node_modules\@next\swc-linux-x64-musl
121 silly reify mark deleted [
121 silly reify   'C:\\Users\\usuario\\Desktop\\JheyReyesDEV\\RDS\\Paginas\\rds\\node_modules\\@next\\swc-linux-x64-musl'
121 silly reify ]
122 verbose reify failed optional dependency C:\Users\usuario\Desktop\JheyReyesDEV\RDS\Paginas\rds\node_modules\@next\swc-linux-x64-gnu
123 silly reify mark deleted [
123 silly reify   'C:\\Users\\usuario\\Desktop\\JheyReyesDEV\\RDS\\Paginas\\rds\\node_modules\\@next\\swc-linux-x64-gnu'
123 silly reify ]
124 verbose reify failed optional dependency C:\Users\usuario\Desktop\JheyReyesDEV\RDS\Paginas\rds\node_modules\@next\swc-linux-arm64-musl
125 silly reify mark deleted [
125 silly reify   'C:\\Users\\usuario\\Desktop\\JheyReyesDEV\\RDS\\Paginas\\rds\\node_modules\\@next\\swc-linux-arm64-musl'
125 silly reify ]
126 verbose reify failed optional dependency C:\Users\usuario\Desktop\JheyReyesDEV\RDS\Paginas\rds\node_modules\@next\swc-linux-arm64-gnu
127 silly reify mark deleted [
127 silly reify   'C:\\Users\\usuario\\Desktop\\JheyReyesDEV\\RDS\\Paginas\\rds\\node_modules\\@next\\swc-linux-arm64-gnu'
127 silly reify ]
128 verbose reify failed optional dependency C:\Users\usuario\Desktop\JheyReyesDEV\RDS\Paginas\rds\node_modules\@next\swc-darwin-x64
129 silly reify mark deleted [
129 silly reify   'C:\\Users\\usuario\\Desktop\\JheyReyesDEV\\RDS\\Paginas\\rds\\node_modules\\@next\\swc-darwin-x64'
129 silly reify ]
130 verbose reify failed optional dependency C:\Users\usuario\Desktop\JheyReyesDEV\RDS\Paginas\rds\node_modules\@next\swc-darwin-arm64
131 silly reify mark deleted [
131 silly reify   'C:\\Users\\usuario\\Desktop\\JheyReyesDEV\\RDS\\Paginas\\rds\\node_modules\\@next\\swc-darwin-arm64'
131 silly reify ]
132 verbose reify failed optional dependency C:\Users\usuario\Desktop\JheyReyesDEV\RDS\Paginas\rds\node_modules\@img\sharp-win32-ia32
133 silly reify mark deleted [
133 silly reify   'C:\\Users\\usuario\\Desktop\\JheyReyesDEV\\RDS\\Paginas\\rds\\node_modules\\@img\\sharp-win32-ia32'
133 silly reify ]
134 verbose reify failed optional dependency C:\Users\usuario\Desktop\JheyReyesDEV\RDS\Paginas\rds\node_modules\@img\sharp-wasm32
135 silly reify mark deleted [
135 silly reify   'C:\\Users\\usuario\\Desktop\\JheyReyesDEV\\RDS\\Paginas\\rds\\node_modules\\@img\\sharp-wasm32'
135 silly reify ]
136 verbose reify failed optional dependency C:\Users\usuario\Desktop\JheyReyesDEV\RDS\Paginas\rds\node_modules\@img\sharp-linuxmusl-x64
137 silly reify mark deleted [
137 silly reify   'C:\\Users\\usuario\\Desktop\\JheyReyesDEV\\RDS\\Paginas\\rds\\node_modules\\@img\\sharp-linuxmusl-x64'
137 silly reify ]
138 verbose reify failed optional dependency C:\Users\usuario\Desktop\JheyReyesDEV\RDS\Paginas\rds\node_modules\@img\sharp-linuxmusl-arm64
139 silly reify mark deleted [
139 silly reify   'C:\\Users\\usuario\\Desktop\\JheyReyesDEV\\RDS\\Paginas\\rds\\node_modules\\@img\\sharp-linuxmusl-arm64'
139 silly reify ]
140 verbose reify failed optional dependency C:\Users\usuario\Desktop\JheyReyesDEV\RDS\Paginas\rds\node_modules\@img\sharp-linux-x64
141 silly reify mark deleted [
141 silly reify   'C:\\Users\\usuario\\Desktop\\JheyReyesDEV\\RDS\\Paginas\\rds\\node_modules\\@img\\sharp-linux-x64'
141 silly reify ]
142 verbose reify failed optional dependency C:\Users\usuario\Desktop\JheyReyesDEV\RDS\Paginas\rds\node_modules\@img\sharp-linux-s390x
143 silly reify mark deleted [
143 silly reify   'C:\\Users\\usuario\\Desktop\\JheyReyesDEV\\RDS\\Paginas\\rds\\node_modules\\@img\\sharp-linux-s390x'
143 silly reify ]
144 verbose reify failed optional dependency C:\Users\usuario\Desktop\JheyReyesDEV\RDS\Paginas\rds\node_modules\@img\sharp-linux-arm64
145 silly reify mark deleted [
145 silly reify   'C:\\Users\\usuario\\Desktop\\JheyReyesDEV\\RDS\\Paginas\\rds\\node_modules\\@img\\sharp-linux-arm64'
145 silly reify ]
146 verbose reify failed optional dependency C:\Users\usuario\Desktop\JheyReyesDEV\RDS\Paginas\rds\node_modules\@img\sharp-linux-arm
147 silly reify mark deleted [
147 silly reify   'C:\\Users\\usuario\\Desktop\\JheyReyesDEV\\RDS\\Paginas\\rds\\node_modules\\@img\\sharp-linux-arm'
147 silly reify ]
148 verbose reify failed optional dependency C:\Users\usuario\Desktop\JheyReyesDEV\RDS\Paginas\rds\node_modules\@img\sharp-libvips-linuxmusl-x64
149 silly reify mark deleted [
149 silly reify   'C:\\Users\\usuario\\Desktop\\JheyReyesDEV\\RDS\\Paginas\\rds\\node_modules\\@img\\sharp-libvips-linuxmusl-x64'
149 silly reify ]
150 verbose reify failed optional dependency C:\Users\usuario\Desktop\JheyReyesDEV\RDS\Paginas\rds\node_modules\@img\sharp-libvips-linuxmusl-arm64
151 silly reify mark deleted [
151 silly reify   'C:\\Users\\usuario\\Desktop\\JheyReyesDEV\\RDS\\Paginas\\rds\\node_modules\\@img\\sharp-libvips-linuxmusl-arm64'
151 silly reify ]
152 verbose reify failed optional dependency C:\Users\usuario\Desktop\JheyReyesDEV\RDS\Paginas\rds\node_modules\@img\sharp-libvips-linux-x64
153 silly reify mark deleted [
153 silly reify   'C:\\Users\\usuario\\Desktop\\JheyReyesDEV\\RDS\\Paginas\\rds\\node_modules\\@img\\sharp-libvips-linux-x64'
153 silly reify ]
154 verbose reify failed optional dependency C:\Users\usuario\Desktop\JheyReyesDEV\RDS\Paginas\rds\node_modules\@img\sharp-libvips-linux-s390x
155 silly reify mark deleted [
155 silly reify   'C:\\Users\\usuario\\Desktop\\JheyReyesDEV\\RDS\\Paginas\\rds\\node_modules\\@img\\sharp-libvips-linux-s390x'
155 silly reify ]
156 verbose reify failed optional dependency C:\Users\usuario\Desktop\JheyReyesDEV\RDS\Paginas\rds\node_modules\@img\sharp-libvips-linux-ppc64
157 silly reify mark deleted [
157 silly reify   'C:\\Users\\usuario\\Desktop\\JheyReyesDEV\\RDS\\Paginas\\rds\\node_modules\\@img\\sharp-libvips-linux-ppc64'
157 silly reify ]
158 verbose reify failed optional dependency C:\Users\usuario\Desktop\JheyReyesDEV\RDS\Paginas\rds\node_modules\@img\sharp-libvips-linux-arm64
159 silly reify mark deleted [
159 silly reify   'C:\\Users\\usuario\\Desktop\\JheyReyesDEV\\RDS\\Paginas\\rds\\node_modules\\@img\\sharp-libvips-linux-arm64'
159 silly reify ]
160 verbose reify failed optional dependency C:\Users\usuario\Desktop\JheyReyesDEV\RDS\Paginas\rds\node_modules\@img\sharp-libvips-linux-arm
161 silly reify mark deleted [
161 silly reify   'C:\\Users\\usuario\\Desktop\\JheyReyesDEV\\RDS\\Paginas\\rds\\node_modules\\@img\\sharp-libvips-linux-arm'
161 silly reify ]
162 verbose reify failed optional dependency C:\Users\usuario\Desktop\JheyReyesDEV\RDS\Paginas\rds\node_modules\@img\sharp-libvips-darwin-x64
163 silly reify mark deleted [
163 silly reify   'C:\\Users\\usuario\\Desktop\\JheyReyesDEV\\RDS\\Paginas\\rds\\node_modules\\@img\\sharp-libvips-darwin-x64'
163 silly reify ]
164 verbose reify failed optional dependency C:\Users\usuario\Desktop\JheyReyesDEV\RDS\Paginas\rds\node_modules\@img\sharp-libvips-darwin-arm64
165 silly reify mark deleted [
165 silly reify   'C:\\Users\\usuario\\Desktop\\JheyReyesDEV\\RDS\\Paginas\\rds\\node_modules\\@img\\sharp-libvips-darwin-arm64'
165 silly reify ]
166 verbose reify failed optional dependency C:\Users\usuario\Desktop\JheyReyesDEV\RDS\Paginas\rds\node_modules\@img\sharp-darwin-x64
167 silly reify mark deleted [
167 silly reify   'C:\\Users\\usuario\\Desktop\\JheyReyesDEV\\RDS\\Paginas\\rds\\node_modules\\@img\\sharp-darwin-x64'
167 silly reify ]
168 verbose reify failed optional dependency C:\Users\usuario\Desktop\JheyReyesDEV\RDS\Paginas\rds\node_modules\@img\sharp-darwin-arm64
169 silly reify mark deleted [
169 silly reify   'C:\\Users\\usuario\\Desktop\\JheyReyesDEV\\RDS\\Paginas\\rds\\node_modules\\@img\\sharp-darwin-arm64'
169 silly reify ]
170 http cache motion-dom@https://registry.npmjs.org/motion-dom/-/motion-dom-12.15.0.tgz 0ms (cache hit)
171 http cache motion-utils@https://registry.npmjs.org/motion-utils/-/motion-utils-12.12.1.tgz 0ms (cache hit)
172 http cache framer-motion@https://registry.npmjs.org/framer-motion/-/framer-motion-12.15.0.tgz 0ms (cache hit)
173 http cache @tybys/wasm-util@https://registry.npmjs.org/@tybys/wasm-util/-/wasm-util-0.9.0.tgz 0ms (cache hit)
174 silly tarball no local data for motion-dom@https://registry.npmjs.org/motion-dom/-/motion-dom-12.15.0.tgz. Extracting by manifest.
175 http cache @emnapi/core@https://registry.npmjs.org/@emnapi/core/-/core-1.4.0.tgz 0ms (cache hit)
176 http cache @emnapi/wasi-threads@https://registry.npmjs.org/@emnapi/wasi-threads/-/wasi-threads-1.0.1.tgz 0ms (cache hit)
177 silly tarball no local data for motion-utils@https://registry.npmjs.org/motion-utils/-/motion-utils-12.12.1.tgz. Extracting by manifest.
178 silly tarball no local data for framer-motion@https://registry.npmjs.org/framer-motion/-/framer-motion-12.15.0.tgz. Extracting by manifest.
179 http cache @napi-rs/wasm-runtime@https://registry.npmjs.org/@napi-rs/wasm-runtime/-/wasm-runtime-0.2.8.tgz 0ms (cache hit)
180 http fetch POST 200 https://registry.npmjs.org/-/npm/v1/security/advisories/bulk 181ms
181 silly audit report {}
182 http fetch GET 200 https://registry.npmjs.org/motion-dom/-/motion-dom-12.15.0.tgz 299ms (cache miss)
183 http fetch GET 200 https://registry.npmjs.org/motion-utils/-/motion-utils-12.12.1.tgz 365ms (cache miss)
184 http fetch GET 200 https://registry.npmjs.org/framer-motion/-/framer-motion-12.15.0.tgz 1287ms (cache miss)
185 silly ADD node_modules/motion-utils
186 silly ADD node_modules/motion-dom
187 silly ADD node_modules/framer-motion
188 silly ADD
189 silly ADD
190 silly ADD
191 silly ADD
192 silly ADD
193 silly ADD
194 silly ADD
195 silly ADD
196 silly ADD
197 silly ADD
198 silly ADD
199 silly ADD
200 silly ADD
201 silly ADD
202 silly ADD
203 silly ADD
204 silly ADD
205 silly ADD
206 silly ADD
207 silly ADD
208 silly ADD
209 silly ADD
210 silly ADD
211 silly ADD
212 silly ADD
213 silly ADD
214 silly ADD
215 silly ADD
216 silly ADD
217 silly ADD
218 silly ADD
219 silly ADD
220 silly ADD
221 silly ADD
222 silly ADD
223 silly ADD
224 silly ADD
225 silly ADD
226 silly ADD
227 silly ADD
228 silly ADD
229 silly ADD
230 silly ADD
231 silly ADD
232 silly ADD
233 silly ADD
234 silly ADD
235 silly ADD
236 silly ADD
237 silly ADD
238 silly ADD
239 silly ADD
240 silly ADD
241 silly ADD
242 silly ADD
243 silly ADD
244 silly ADD
245 silly ADD
246 silly ADD
247 silly ADD
248 silly ADD
249 silly ADD
250 silly ADD
251 verbose cwd C:\Users\usuario\Desktop\JheyReyesDEV\RDS\Paginas\rds
252 verbose os Windows_NT 10.0.22621
253 verbose node v22.12.0
254 verbose npm  v11.0.0
255 verbose exit 0
256 info ok
